gpasm-1.5.2 #1325 (Jul 12 2024)       die.asm   09/26/2026  11:13:10 PM     PAGE  1


LOC    OBJECT CODE    LINE  SOURCE TEXT
  VALUE

                      00001 ; TODO INSERT CONFIG CODE HERE USING CONFIG BITS GENERATOR
                      00002 LIST p=16f690
                      00003 #include "p16f690.inc"
                      00001         LIST
                      00002 
                      00003 ;==========================================================================
                      00004 ; Build date : Oct 21 2015
                      00005 ;  MPASM PIC16F690 processor include
                      00006 ; 
                      00007 ;  (c) Copyright 1999-2015 Microchip Technology, All rights reserved
                      00008 ;==========================================================================
                      00009 
                      00757         LIST
                      00004 
                      00005 ; CONFIG
                      00006 ; __config 0xF8F5
2007   38F5           00007  __CONFIG _FOSC_INTRCCLK & _WDTE_OFF & _PWRTE_OFF & _MCLRE_ON & _CP_OFF & _CPD_OFF & _BOREN_OFF & _IESO_
                            OFF & _FCMEN_ON
                      00008 
                      00009 ;CONSTANTS
  00000040            00010 DIE1 EQU b'01000000'
  00000012            00011 DIE2 EQU b'00010010'
  0000004C            00012 DIE3 EQU b'01001100'
  0000002D            00013 DIE4 EQU b'00101101'
  0000006D            00014 DIE5 EQU b'01101101'
  0000003F            00015 DIE6 EQU b'00111111'
                      00016  
                      00017 ;VARS:
  00000070            00018 LFSR    EQU 0X70
  00000071            00019 TW      EQU 0X71
  00000072            00020 TSTATUS EQU 0X72
                      00021     
0000                  00022  ORG 0x0000            ; processor reset vector
0000   2811           00023     GOTO    START                   ; go to beginning of program
                      00024 
                      00025 
                      00026     
                      00027 ;INTERRUPT HANDLER:
0004                  00028  ORG 0X0004
0004   00F1           00029     MOVWF TW    ;SAVE W
0005   0E03           00030     SWAPF STATUS,W  ;SAVE STATUS
0006   00F2           00031     MOVWF TSTATUS
                      00032     
0007   300D           00033     MOVLW HIGH(LUT)
0008   008A           00034     MOVWF PCLATH
0009   0870           00035     MOVF LFSR,W
000A   2500           00036     CALL LUT    ;FOR FASTER EXECUTION AND BECAUSE WE HAVE A LOT OF UNUSED SPACE ON THE FLASH I'VE OPTED 
                            TO USE A LOOKUP TABLE INSTEAD OF CALCULATING LFSR % 6 AND PUTTING THE APROPRIATE SIGNALS ON PORTC
Message[1302]: RAM Bank undefined in this chunk of code. Ensure that bank bits are correct. Assuming bank 0 from now on.
000B   0087           00037     MOVWF PORTC
                      00038 
000C   0E72           00039     SWAPF TSTATUS,W  
000D   0083           00040     MOVWF STATUS    ;RESTORE STATUS
gpasm-1.5.2 #1325 (Jul 12 2024)       die.asm   09/26/2026  11:13:10 PM     PAGE  2


LOC    OBJECT CODE    LINE  SOURCE TEXT
  VALUE

000E   0871           00041     MOVF TW,W      ;RESTORE W
000F   100B           00042     BCF INTCON,RABIF
0010   0009           00043     RETFIE
                      00044 
                      00045 
                      00046     
                      00047     
                      00048 ;MAIN_PROG CODE                      ; let linker place main program
                      00049 
0011                  00050 START:
0011   1683           00051     BSF STATUS,RP0 ;BANK 1
0012   308F           00052     MOVLW 0X8F
Message[1302]: RAM Bank undefined in this chunk of code. Ensure that bank bits are correct. Assuming bank 1 from now on.
0013   058F           00053     ANDWF OSCCON,F   ;SET LFINTOSC 31KHZ
                      00054     
0014   3080           00055     MOVLW 0X80
0015   0087           00056     MOVWF TRISC ;PORTC OUTPUT FOR LEDS (EXCEPT RC7, UNUSED SO INPUT)
                      00057     
0016   30FF           00058     MOVLW 0XFF
0017   0085           00059     MOVWF TRISA ;PORTA INPUT BECAUSE UNUSED
0018   0086           00060     MOVWF TRISB ;PORTB INPUT FOR ADC
                      00061     
0019   1283           00062     BCF STATUS,RP0
001A   1703           00063     BSF STATUS,RP1 ;BANK 2
                      00064     
001B   019E           00065     CLRF ANSEL
001C   019F           00066     CLRF ANSELH
001D   159F           00067     BSF ANSELH,ANS11 ;SELECT ADC CHANNEL AN11
                      00068     
001E   1303           00069     BCF STATUS,RP1 ;BANK 0
                      00070     
001F   3000           00071     MOVLW 0X00  ;-|
0020   0087           00072     MOVWF PORTC ;-|-WE TURN OFF THE LEDS UNTIL THE USER PRESSES THE BUTTON
                      00073    
                      00074     ;WE TAKE A MEASUREMENT WITH THE ADC ON A FLOATING PIN SO WE READ NOISE WHICH WE USE AS A RANDOM ENOU
                            GH SEED FOR THE LFSR
                      00075     
0021   141F           00076     BSF ADCON0,ADON ;TURN ON ADC
                      00077     
0022   151F           00078     BSF ADCON0,CHS0 ;-|
0023   159F           00079     BSF ADCON0,CHS1 ;-|
0024   121F           00080     BCF ADCON0,CHS2 ;-|
0025   169F           00081     BSF ADCON0,CHS3 ;-|-SELECT AN11 AS INPUT FOR ADC
                      00082     
0026   131F           00083     BCF ADCON0,VCFG ;SELECT VDD AS REFFERENCE FOR ADC
                      00084     
0027                  00085 TRYADC:
0027   149F           00086     BSF ADCON0,GO     ;-|
0028                  00087 WAITADC:              ;-|
0028   189F           00088     BTFSC ADCON0,GO   ;-|
0029   2828           00089     GOTO WAITADC      ;-|-START THE ADC READ AND WAITS FOR IT TO FINISH
002A   081E           00090     MOVF ADRESH,W
002B   1903           00091     BTFSC STATUS,Z    ;WE CANT USE 0 AS A SEED FOR THE LFSR SO WE READ AGAIN AND AGAIN UNTIL WE GET SOME
gpasm-1.5.2 #1325 (Jul 12 2024)       die.asm   09/26/2026  11:13:10 PM     PAGE  3


LOC    OBJECT CODE    LINE  SOURCE TEXT
  VALUE

                             NON ZERO VALUE
002C   2827           00092     GOTO TRYADC
                      00093     
002D   101F           00094     BCF ADCON0,ADON ;TURN OFF ADC FOR POWER SAVING
                      00095 
002E   00F0           00096     MOVWF LFSR  ;STORE THE ADC RESULT IN THE LFSR
                      00097     
002F   1683           00098     BSF STATUS,RP0    ;BANK 1
0030   1381           00099     BCF OPTION_REG,7      ;ENABLE WEAK PULL-UPS
0031   1283           00100     BCF STATUS,RP0    ;BANK 0
                      00101     
0032   1703           00102     BSF STATUS,RP1    ;BANK 2
0033   1795           00103     BSF WPUB,WPUB7        ;ENABLE THE WEAK PULL-UP ON RB7
0034   1796           00104     BSF IOCB,IOCB7        ;ENABLE INTRERRUPTS ON RB7 CHANGE
0035   1303           00105     BCF STATUS,RP1    ;BANK 0
                      00106    
0036   158B           00107     BSF INTCON,RABIE ;ENABLE INTRERRUPT ON PORT CHANGE
0037   178B           00108     BSF INTCON,GIE  ;ENABLE GLOBAL INTRERRUPTS
                      00109  
                      00110 
0038                  00111 LOOP:
0038   3000           00112     MOVLW 0x00
0039   1870           00113     BTFSC LFSR,0 ;TAP BIT 0
003A   3001           00114     MOVLW 0x01
003B   1970           00115     BTFSC LFSR,2 ;TAP BIT 2
003C   3A01           00116     XORLW 0x01
003D   19F0           00117     BTFSC LFSR,3 ;TAP BIT 3
003E   3A01           00118     XORLW 0x01
003F   1A70           00119     BTFSC LFSR,4 ;TAP BIT 4
0040   3A01           00120     XORLW 0x01
                      00121     
                      00122    
0041   1003           00123     BCF STATUS,C    ;-|
0042   1D03           00124     BTFSS STATUS,Z  ;-| 
0043   1403           00125     BSF STATUS,C    ;-|-WE TEST THE ZERO FLAG TO SEE THE RESULT OF THE XOR OPERATION AND PUT IT INTO THE
                             CARRY BIT SO THAT IT CAN BE ROTATED INTO THE LFSR REGISTER
                      00126     
0044   0CF0           00127     RRF LFSR,F  ;WE ROTATE THE REGISTER TO THE RIGHT BRINGING THE RESULT FROM CARRY INTO THE REGISTER
                      00128     
0045   2838           00129     GOTO LOOP                          ; loop forever
                      00130   
                      00131 
                      00132 
0D00                  00133  ORG 0X0D00         ;WE START AT THE TOP OF THE PAGE SO PCL DOESN'T OVERFLOW AND WE CAN USE ALL THE AVAI
                            LABLE 255 INSTRUCTIONS
0D00                  00134 LUT:                ;THE LOOKUP TABLE BASICALLY DOES (LFSR % 6) + 1 BUT THE RESULT IS DIRECTLY IN THE FO
                            RMAT NEEDED FOR DISPLAYING THAT NUMBER ON THE LEDS
0D00   0782           00135     ADDWF PCL,F     ;W IS ALWAYS NON ZERO BECAUSE THE LFSR IS ALWAYS NON ZERO SO NO RISK OF INFINITE LOO
                            P
                      00136     
0D01   3440           00137     RETLW DIE1
0D02   3412           00138     RETLW DIE2
0D03   344C           00139     RETLW DIE3
gpasm-1.5.2 #1325 (Jul 12 2024)       die.asm   09/26/2026  11:13:10 PM     PAGE  4


LOC    OBJECT CODE    LINE  SOURCE TEXT
  VALUE

0D04   342D           00140     RETLW DIE4
0D05   346D           00141     RETLW DIE5
0D06   343F           00142     RETLW DIE6
0D07   3440           00143     RETLW DIE1
0D08   3412           00144     RETLW DIE2
0D09   344C           00145     RETLW DIE3
0D0A   342D           00146     RETLW DIE4
0D0B   346D           00147     RETLW DIE5
0D0C   343F           00148     RETLW DIE6
0D0D   3440           00149     RETLW DIE1
0D0E   3412           00150     RETLW DIE2
0D0F   344C           00151     RETLW DIE3
0D10   342D           00152     RETLW DIE4
0D11   346D           00153     RETLW DIE5
0D12   343F           00154     RETLW DIE6
0D13   3440           00155     RETLW DIE1
0D14   3412           00156     RETLW DIE2
0D15   344C           00157     RETLW DIE3
0D16   342D           00158     RETLW DIE4
0D17   346D           00159     RETLW DIE5
0D18   343F           00160     RETLW DIE6
0D19   3440           00161     RETLW DIE1
0D1A   3412           00162     RETLW DIE2
0D1B   344C           00163     RETLW DIE3
0D1C   342D           00164     RETLW DIE4
0D1D   346D           00165     RETLW DIE5
0D1E   343F           00166     RETLW DIE6
0D1F   3440           00167     RETLW DIE1
0D20   3412           00168     RETLW DIE2
0D21   344C           00169     RETLW DIE3
0D22   342D           00170     RETLW DIE4
0D23   346D           00171     RETLW DIE5
0D24   343F           00172     RETLW DIE6
0D25   3440           00173     RETLW DIE1
0D26   3412           00174     RETLW DIE2
0D27   344C           00175     RETLW DIE3
0D28   342D           00176     RETLW DIE4
0D29   346D           00177     RETLW DIE5
0D2A   343F           00178     RETLW DIE6
0D2B   3440           00179     RETLW DIE1
0D2C   3412           00180     RETLW DIE2
0D2D   344C           00181     RETLW DIE3
0D2E   342D           00182     RETLW DIE4
0D2F   346D           00183     RETLW DIE5
0D30   343F           00184     RETLW DIE6
0D31   3440           00185     RETLW DIE1
0D32   3412           00186     RETLW DIE2
0D33   344C           00187     RETLW DIE3
0D34   342D           00188     RETLW DIE4
0D35   346D           00189     RETLW DIE5
0D36   343F           00190     RETLW DIE6
0D37   3440           00191     RETLW DIE1
0D38   3412           00192     RETLW DIE2
gpasm-1.5.2 #1325 (Jul 12 2024)       die.asm   09/26/2026  11:13:10 PM     PAGE  5


LOC    OBJECT CODE    LINE  SOURCE TEXT
  VALUE

0D39   344C           00193     RETLW DIE3
0D3A   342D           00194     RETLW DIE4
0D3B   346D           00195     RETLW DIE5
0D3C   343F           00196     RETLW DIE6
0D3D   3440           00197     RETLW DIE1
0D3E   3412           00198     RETLW DIE2
0D3F   344C           00199     RETLW DIE3
0D40   342D           00200     RETLW DIE4
0D41   346D           00201     RETLW DIE5
0D42   343F           00202     RETLW DIE6
0D43   3440           00203     RETLW DIE1
0D44   3412           00204     RETLW DIE2
0D45   344C           00205     RETLW DIE3
0D46   342D           00206     RETLW DIE4
0D47   346D           00207     RETLW DIE5
0D48   343F           00208     RETLW DIE6
0D49   3440           00209     RETLW DIE1
0D4A   3412           00210     RETLW DIE2
0D4B   344C           00211     RETLW DIE3
0D4C   342D           00212     RETLW DIE4
0D4D   346D           00213     RETLW DIE5
0D4E   343F           00214     RETLW DIE6
0D4F   3440           00215     RETLW DIE1
0D50   3412           00216     RETLW DIE2
0D51   344C           00217     RETLW DIE3
0D52   342D           00218     RETLW DIE4
0D53   346D           00219     RETLW DIE5
0D54   343F           00220     RETLW DIE6
0D55   3440           00221     RETLW DIE1
0D56   3412           00222     RETLW DIE2
0D57   344C           00223     RETLW DIE3
0D58   342D           00224     RETLW DIE4
0D59   346D           00225     RETLW DIE5
0D5A   343F           00226     RETLW DIE6
0D5B   3440           00227     RETLW DIE1
0D5C   3412           00228     RETLW DIE2
0D5D   344C           00229     RETLW DIE3
0D5E   342D           00230     RETLW DIE4
0D5F   346D           00231     RETLW DIE5
0D60   343F           00232     RETLW DIE6
0D61   3440           00233     RETLW DIE1
0D62   3412           00234     RETLW DIE2
0D63   344C           00235     RETLW DIE3
0D64   342D           00236     RETLW DIE4
0D65   346D           00237     RETLW DIE5
0D66   343F           00238     RETLW DIE6
0D67   3440           00239     RETLW DIE1
0D68   3412           00240     RETLW DIE2
0D69   344C           00241     RETLW DIE3
0D6A   342D           00242     RETLW DIE4
0D6B   346D           00243     RETLW DIE5
0D6C   343F           00244     RETLW DIE6
0D6D   3440           00245     RETLW DIE1
gpasm-1.5.2 #1325 (Jul 12 2024)       die.asm   09/26/2026  11:13:10 PM     PAGE  6


LOC    OBJECT CODE    LINE  SOURCE TEXT
  VALUE

0D6E   3412           00246     RETLW DIE2
0D6F   344C           00247     RETLW DIE3
0D70   342D           00248     RETLW DIE4
0D71   346D           00249     RETLW DIE5
0D72   343F           00250     RETLW DIE6
0D73   3440           00251     RETLW DIE1
0D74   3412           00252     RETLW DIE2
0D75   344C           00253     RETLW DIE3
0D76   342D           00254     RETLW DIE4
0D77   346D           00255     RETLW DIE5
0D78   343F           00256     RETLW DIE6
0D79   3440           00257     RETLW DIE1
0D7A   3412           00258     RETLW DIE2
0D7B   344C           00259     RETLW DIE3
0D7C   342D           00260     RETLW DIE4
0D7D   346D           00261     RETLW DIE5
0D7E   343F           00262     RETLW DIE6
0D7F   3440           00263     RETLW DIE1
0D80   3412           00264     RETLW DIE2
0D81   344C           00265     RETLW DIE3
0D82   342D           00266     RETLW DIE4
0D83   346D           00267     RETLW DIE5
0D84   343F           00268     RETLW DIE6
0D85   3440           00269     RETLW DIE1
0D86   3412           00270     RETLW DIE2
0D87   344C           00271     RETLW DIE3
0D88   342D           00272     RETLW DIE4
0D89   346D           00273     RETLW DIE5
0D8A   343F           00274     RETLW DIE6
0D8B   3440           00275     RETLW DIE1
0D8C   3412           00276     RETLW DIE2
0D8D   344C           00277     RETLW DIE3
0D8E   342D           00278     RETLW DIE4
0D8F   346D           00279     RETLW DIE5
0D90   343F           00280     RETLW DIE6
0D91   3440           00281     RETLW DIE1
0D92   3412           00282     RETLW DIE2
0D93   344C           00283     RETLW DIE3
0D94   342D           00284     RETLW DIE4
0D95   346D           00285     RETLW DIE5
0D96   343F           00286     RETLW DIE6
0D97   3440           00287     RETLW DIE1
0D98   3412           00288     RETLW DIE2
0D99   344C           00289     RETLW DIE3
0D9A   342D           00290     RETLW DIE4
0D9B   346D           00291     RETLW DIE5
0D9C   343F           00292     RETLW DIE6
0D9D   3440           00293     RETLW DIE1
0D9E   3412           00294     RETLW DIE2
0D9F   344C           00295     RETLW DIE3
0DA0   342D           00296     RETLW DIE4
0DA1   346D           00297     RETLW DIE5
0DA2   343F           00298     RETLW DIE6
gpasm-1.5.2 #1325 (Jul 12 2024)       die.asm   09/26/2026  11:13:10 PM     PAGE  7


LOC    OBJECT CODE    LINE  SOURCE TEXT
  VALUE

0DA3   3440           00299     RETLW DIE1
0DA4   3412           00300     RETLW DIE2
0DA5   344C           00301     RETLW DIE3
0DA6   342D           00302     RETLW DIE4
0DA7   346D           00303     RETLW DIE5
0DA8   343F           00304     RETLW DIE6
0DA9   3440           00305     RETLW DIE1
0DAA   3412           00306     RETLW DIE2
0DAB   344C           00307     RETLW DIE3
0DAC   342D           00308     RETLW DIE4
0DAD   346D           00309     RETLW DIE5
0DAE   343F           00310     RETLW DIE6
0DAF   3440           00311     RETLW DIE1
0DB0   3412           00312     RETLW DIE2
0DB1   344C           00313     RETLW DIE3
0DB2   342D           00314     RETLW DIE4
0DB3   346D           00315     RETLW DIE5
0DB4   343F           00316     RETLW DIE6
0DB5   3440           00317     RETLW DIE1
0DB6   3412           00318     RETLW DIE2
0DB7   344C           00319     RETLW DIE3
0DB8   342D           00320     RETLW DIE4
0DB9   346D           00321     RETLW DIE5
0DBA   343F           00322     RETLW DIE6
0DBB   3440           00323     RETLW DIE1
0DBC   3412           00324     RETLW DIE2
0DBD   344C           00325     RETLW DIE3
0DBE   342D           00326     RETLW DIE4
0DBF   346D           00327     RETLW DIE5
0DC0   343F           00328     RETLW DIE6
0DC1   3440           00329     RETLW DIE1
0DC2   3412           00330     RETLW DIE2
0DC3   344C           00331     RETLW DIE3
0DC4   342D           00332     RETLW DIE4
0DC5   346D           00333     RETLW DIE5
0DC6   343F           00334     RETLW DIE6
0DC7   3440           00335     RETLW DIE1
0DC8   3412           00336     RETLW DIE2
0DC9   344C           00337     RETLW DIE3
0DCA   342D           00338     RETLW DIE4
0DCB   346D           00339     RETLW DIE5
0DCC   343F           00340     RETLW DIE6
0DCD   3440           00341     RETLW DIE1
0DCE   3412           00342     RETLW DIE2
0DCF   344C           00343     RETLW DIE3
0DD0   342D           00344     RETLW DIE4
0DD1   346D           00345     RETLW DIE5
0DD2   343F           00346     RETLW DIE6
0DD3   3440           00347     RETLW DIE1
0DD4   3412           00348     RETLW DIE2
0DD5   344C           00349     RETLW DIE3
0DD6   342D           00350     RETLW DIE4
0DD7   346D           00351     RETLW DIE5
gpasm-1.5.2 #1325 (Jul 12 2024)       die.asm   09/26/2026  11:13:10 PM     PAGE  8


LOC    OBJECT CODE    LINE  SOURCE TEXT
  VALUE

0DD8   343F           00352     RETLW DIE6
0DD9   3440           00353     RETLW DIE1
0DDA   3412           00354     RETLW DIE2
0DDB   344C           00355     RETLW DIE3
0DDC   342D           00356     RETLW DIE4
0DDD   346D           00357     RETLW DIE5
0DDE   343F           00358     RETLW DIE6
0DDF   3440           00359     RETLW DIE1
0DE0   3412           00360     RETLW DIE2
0DE1   344C           00361     RETLW DIE3
0DE2   342D           00362     RETLW DIE4
0DE3   346D           00363     RETLW DIE5
0DE4   343F           00364     RETLW DIE6
0DE5   3440           00365     RETLW DIE1
0DE6   3412           00366     RETLW DIE2
0DE7   344C           00367     RETLW DIE3
0DE8   342D           00368     RETLW DIE4
0DE9   346D           00369     RETLW DIE5
0DEA   343F           00370     RETLW DIE6
0DEB   3440           00371     RETLW DIE1
0DEC   3412           00372     RETLW DIE2
0DED   344C           00373     RETLW DIE3
0DEE   342D           00374     RETLW DIE4
0DEF   346D           00375     RETLW DIE5
0DF0   343F           00376     RETLW DIE6
0DF1   3440           00377     RETLW DIE1
0DF2   3412           00378     RETLW DIE2
0DF3   344C           00379     RETLW DIE3
0DF4   342D           00380     RETLW DIE4
0DF5   346D           00381     RETLW DIE5
0DF6   343F           00382     RETLW DIE6
0DF7   3440           00383     RETLW DIE1
0DF8   3412           00384     RETLW DIE2
0DF9   344C           00385     RETLW DIE3
0DFA   342D           00386     RETLW DIE4
0DFB   346D           00387     RETLW DIE5
0DFC   343F           00388     RETLW DIE6
0DFD   3440           00389     RETLW DIE1
0DFE   3412           00390     RETLW DIE2
0DFF   344C           00391     RETLW DIE3
                      00392     
                      00393 
                      00394     END
gpasm-1.5.2 #1325 (Jul 12 2024)       die.asm   09/26/2026  11:13:10 PM     PAGE  9


SYMBOL TABLE
  LABEL                              TYPE        VALUE         VALUE          VALUE
                                                 (hex)         (dec)          (text)

ABDEN                             CONSTANT      00000000              0
ABDOVF                            CONSTANT      00000007              7
ADCON0                            CONSTANT      0000001F             31
ADCON1                            CONSTANT      0000009F            159
ADCS0                             CONSTANT      00000004              4
ADCS1                             CONSTANT      00000005              5
ADCS2                             CONSTANT      00000006              6
ADDEN                             CONSTANT      00000003              3
ADFM                              CONSTANT      00000007              7
ADIE                              CONSTANT      00000006              6
ADIF                              CONSTANT      00000006              6
ADON                              CONSTANT      00000000              0
ADRESH                            CONSTANT      0000001E             30
ADRESL                            CONSTANT      0000009E            158
ANS0                              CONSTANT      00000000              0
ANS1                              CONSTANT      00000001              1
ANS2                              CONSTANT      00000002              2
ANS3                              CONSTANT      00000003              3
ANS4                              CONSTANT      00000004              4
ANS5                              CONSTANT      00000005              5
ANS6                              CONSTANT      00000006              6
ANS7                              CONSTANT      00000007              7
ANS8                              CONSTANT      00000000              0
ANS9                              CONSTANT      00000001              1
ANS10                             CONSTANT      00000002              2
ANS11                             CONSTANT      00000003              3
ANSEL                             CONSTANT      0000011E            286
ANSELH                            CONSTANT      0000011F            287
BAUDCTL                           CONSTANT      0000009B            155
BF                                CONSTANT      00000000              0
BRG0                              CONSTANT      00000000              0
BRG1                              CONSTANT      00000001              1
BRG2                              CONSTANT      00000002              2
BRG3                              CONSTANT      00000003              3
BRG4                              CONSTANT      00000004              4
BRG5                              CONSTANT      00000005              5
BRG6                              CONSTANT      00000006              6
BRG7                              CONSTANT      00000007              7
BRG8                              CONSTANT      00000000              0
BRG9                              CONSTANT      00000001              1
BRG10                             CONSTANT      00000002              2
BRG11                             CONSTANT      00000003              3
BRG12                             CONSTANT      00000004              4
BRG13                             CONSTANT      00000005              5
BRG14                             CONSTANT      00000006              6
BRG15                             CONSTANT      00000007              7
BRG16                             CONSTANT      00000003              3
BRGH                              CONSTANT      00000002              2
C                                 CONSTANT      00000000              0
C1CH0                             CONSTANT      00000000              0
C1CH1                             CONSTANT      00000001              1
C1IE                              CONSTANT      00000005              5
gpasm-1.5.2 #1325 (Jul 12 2024)       die.asm   09/26/2026  11:13:10 PM     PAGE 10


SYMBOL TABLE
  LABEL                              TYPE        VALUE         VALUE          VALUE
                                                 (hex)         (dec)          (text)

C1IF                              CONSTANT      00000005              5
C1OE                              CONSTANT      00000005              5
C1ON                              CONSTANT      00000007              7
C1OUT                             CONSTANT      00000006              6
C1POL                             CONSTANT      00000004              4
C1R                               CONSTANT      00000002              2
C1SEN                             CONSTANT      00000005              5
C1VREN                            CONSTANT      00000007              7
C2CH0                             CONSTANT      00000000              0
C2CH1                             CONSTANT      00000001              1
C2IE                              CONSTANT      00000006              6
C2IF                              CONSTANT      00000006              6
C2OE                              CONSTANT      00000005              5
C2ON                              CONSTANT      00000007              7
C2OUT                             CONSTANT      00000006              6
C2POL                             CONSTANT      00000004              4
C2R                               CONSTANT      00000002              2
C2REN                             CONSTANT      00000004              4
C2SYNC                            CONSTANT      00000000              0
C2VREN                            CONSTANT      00000006              6
CCP1CON                           CONSTANT      00000017             23
CCP1IE                            CONSTANT      00000002              2
CCP1IF                            CONSTANT      00000002              2
CCP1M0                            CONSTANT      00000000              0
CCP1M1                            CONSTANT      00000001              1
CCP1M2                            CONSTANT      00000002              2
CCP1M3                            CONSTANT      00000003              3
CCPR                              CONSTANT      00000015             21
CCPR1H                            CONSTANT      00000016             22
CCPR1L                            CONSTANT      00000015             21
CHS0                              CONSTANT      00000002              2
CHS1                              CONSTANT      00000003              3
CHS2                              CONSTANT      00000004              4
CHS3                              CONSTANT      00000005              5
CKE                               CONSTANT      00000006              6
CKP                               CONSTANT      00000004              4
CM1CON0                           CONSTANT      00000119            281
CM2CON0                           CONSTANT      0000011A            282
CM2CON1                           CONSTANT      0000011B            283
CREN                              CONSTANT      00000004              4
CSRC                              CONSTANT      00000007              7
D                                 CONSTANT      00000005              5
DATA_ADDRESS                      CONSTANT      00000005              5
DC                                CONSTANT      00000001              1
DC1B0                             CONSTANT      00000004              4
DC1B1                             CONSTANT      00000005              5
DIE1                              CONSTANT      00000040             64
DIE2                              CONSTANT      00000012             18
DIE3                              CONSTANT      0000004C             76
DIE4                              CONSTANT      0000002D             45
DIE5                              CONSTANT      0000006D            109
DIE6                              CONSTANT      0000003F             63
gpasm-1.5.2 #1325 (Jul 12 2024)       die.asm   09/26/2026  11:13:10 PM     PAGE 11


SYMBOL TABLE
  LABEL                              TYPE        VALUE         VALUE          VALUE
                                                 (hex)         (dec)          (text)

D_A                               CONSTANT      00000005              5
D_NOT_A                           CONSTANT      00000005              5
ECCPAS                            CONSTANT      0000001D             29
ECCPAS0                           CONSTANT      00000004              4
ECCPAS1                           CONSTANT      00000005              5
ECCPAS2                           CONSTANT      00000006              6
ECCPASE                           CONSTANT      00000007              7
EEADR                             CONSTANT      0000010D            269
EEADRH                            CONSTANT      0000010F            271
EECON1                            CONSTANT      0000018C            396
EECON2                            CONSTANT      0000018D            397
EEDAT                             CONSTANT      0000010C            268
EEDATA                            CONSTANT      0000010C            268
EEDATH                            CONSTANT      0000010E            270
EEIE                              CONSTANT      00000004              4
EEIF                              CONSTANT      00000004              4
EEPGD                             CONSTANT      00000007              7
F                                 CONSTANT      00000001              1
FERR                              CONSTANT      00000002              2
FSR                               CONSTANT      00000004              4
GIE                               CONSTANT      00000007              7
GO                                CONSTANT      00000001              1
GO_DONE                           CONSTANT      00000001              1
GO_NOT_DONE                       CONSTANT      00000001              1
HTS                               CONSTANT      00000002              2
I2C_DATA                          CONSTANT      00000005              5
I2C_READ                          CONSTANT      00000002              2
I2C_START                         CONSTANT      00000003              3
I2C_STOP                          CONSTANT      00000004              4
INDF                              CONSTANT      00000000              0
INTCON                            CONSTANT      0000000B             11
INTE                              CONSTANT      00000004              4
INTEDG                            CONSTANT      00000006              6
INTF                              CONSTANT      00000001              1
IOC                               CONSTANT      00000096            150
IOC0                              CONSTANT      00000000              0
IOC1                              CONSTANT      00000001              1
IOC2                              CONSTANT      00000002              2
IOC3                              CONSTANT      00000003              3
IOC4                              CONSTANT      00000004              4
IOC5                              CONSTANT      00000005              5
IOCA                              CONSTANT      00000096            150
IOCA0                             CONSTANT      00000000              0
IOCA1                             CONSTANT      00000001              1
IOCA2                             CONSTANT      00000002              2
IOCA3                             CONSTANT      00000003              3
IOCA4                             CONSTANT      00000004              4
IOCA5                             CONSTANT      00000005              5
IOCB                              CONSTANT      00000116            278
IOCB4                             CONSTANT      00000004              4
IOCB5                             CONSTANT      00000005              5
IOCB6                             CONSTANT      00000006              6
gpasm-1.5.2 #1325 (Jul 12 2024)       die.asm   09/26/2026  11:13:10 PM     PAGE 12


SYMBOL TABLE
  LABEL                              TYPE        VALUE         VALUE          VALUE
                                                 (hex)         (dec)          (text)

IOCB7                             CONSTANT      00000007              7
IRCF0                             CONSTANT      00000004              4
IRCF1                             CONSTANT      00000005              5
IRCF2                             CONSTANT      00000006              6
IRP                               CONSTANT      00000007              7
LFSR                              CONSTANT      00000070            112
LOOP                              ADDRESS       00000038             56
LTS                               CONSTANT      00000001              1
LUT                               ADDRESS       00000D00           3328
MC1OUT                            CONSTANT      00000007              7
MC2OUT                            CONSTANT      00000006              6
MSK                               CONSTANT      00000093            147
MSK0                              CONSTANT      00000000              0
MSK1                              CONSTANT      00000001              1
MSK2                              CONSTANT      00000002              2
MSK3                              CONSTANT      00000003              3
MSK4                              CONSTANT      00000004              4
MSK5                              CONSTANT      00000005              5
MSK6                              CONSTANT      00000006              6
MSK7                              CONSTANT      00000007              7
NOT_A                             CONSTANT      00000005              5
NOT_ADDRESS                       CONSTANT      00000005              5
NOT_BOR                           CONSTANT      00000000              0
NOT_DONE                          CONSTANT      00000001              1
NOT_PD                            CONSTANT      00000003              3
NOT_POR                           CONSTANT      00000001              1
NOT_RABPU                         CONSTANT      00000007              7
NOT_T1SYNC                        CONSTANT      00000002              2
NOT_TO                            CONSTANT      00000004              4
NOT_W                             CONSTANT      00000002              2
NOT_WRITE                         CONSTANT      00000002              2
OERR                              CONSTANT      00000001              1
OPTION_REG                        CONSTANT      00000081            129
OSCCON                            CONSTANT      0000008F            143
OSCTUNE                           CONSTANT      00000090            144
OSFIE                             CONSTANT      00000007              7
OSFIF                             CONSTANT      00000007              7
OSTS                              CONSTANT      00000003              3
P                                 CONSTANT      00000004              4
P1M0                              CONSTANT      00000006              6
P1M1                              CONSTANT      00000007              7
PCL                               CONSTANT      00000002              2
PCLATH                            CONSTANT      0000000A             10
PCON                              CONSTANT      0000008E            142
PDC0                              CONSTANT      00000000              0
PDC1                              CONSTANT      00000001              1
PDC2                              CONSTANT      00000002              2
PDC3                              CONSTANT      00000003              3
PDC4                              CONSTANT      00000004              4
PDC5                              CONSTANT      00000005              5
PDC6                              CONSTANT      00000006              6
PEIE                              CONSTANT      00000006              6
gpasm-1.5.2 #1325 (Jul 12 2024)       die.asm   09/26/2026  11:13:10 PM     PAGE 13


SYMBOL TABLE
  LABEL                              TYPE        VALUE         VALUE          VALUE
                                                 (hex)         (dec)          (text)

PIE1                              CONSTANT      0000008C            140
PIE2                              CONSTANT      0000008D            141
PIR1                              CONSTANT      0000000C             12
PIR2                              CONSTANT      0000000D             13
PORTA                             CONSTANT      00000005              5
PORTB                             CONSTANT      00000006              6
PORTC                             CONSTANT      00000007              7
PR2                               CONSTANT      00000092            146
PRSEN                             CONSTANT      00000007              7
PS0                               CONSTANT      00000000              0
PS1                               CONSTANT      00000001              1
PS2                               CONSTANT      00000002              2
PSA                               CONSTANT      00000003              3
PSSAC0                            CONSTANT      00000002              2
PSSAC1                            CONSTANT      00000003              3
PSSBD0                            CONSTANT      00000000              0
PSSBD1                            CONSTANT      00000001              1
PSTRCON                           CONSTANT      0000019D            413
PULSR                             CONSTANT      00000002              2
PULSS                             CONSTANT      00000003              3
PWM1CON                           CONSTANT      0000001C             28
R                                 CONSTANT      00000002              2
RA0                               CONSTANT      00000000              0
RA1                               CONSTANT      00000001              1
RA2                               CONSTANT      00000002              2
RA3                               CONSTANT      00000003              3
RA4                               CONSTANT      00000004              4
RA5                               CONSTANT      00000005              5
RABIE                             CONSTANT      00000003              3
RABIF                             CONSTANT      00000000              0
RB4                               CONSTANT      00000004              4
RB5                               CONSTANT      00000005              5
RB6                               CONSTANT      00000006              6
RB7                               CONSTANT      00000007              7
RC0                               CONSTANT      00000000              0
RC1                               CONSTANT      00000001              1
RC2                               CONSTANT      00000002              2
RC3                               CONSTANT      00000003              3
RC4                               CONSTANT      00000004              4
RC5                               CONSTANT      00000005              5
RC6                               CONSTANT      00000006              6
RC7                               CONSTANT      00000007              7
RCIDL                             CONSTANT      00000006              6
RCIE                              CONSTANT      00000005              5
RCIF                              CONSTANT      00000005              5
RCREG                             CONSTANT      0000001A             26
RCSTA                             CONSTANT      00000018             24
RD                                CONSTANT      00000000              0
READ_WRITE                        CONSTANT      00000002              2
RP0                               CONSTANT      00000005              5
RP1                               CONSTANT      00000006              6
RX9                               CONSTANT      00000006              6
gpasm-1.5.2 #1325 (Jul 12 2024)       die.asm   09/26/2026  11:13:10 PM     PAGE 14


SYMBOL TABLE
  LABEL                              TYPE        VALUE         VALUE          VALUE
                                                 (hex)         (dec)          (text)

RX9D                              CONSTANT      00000000              0
R_NOT_W                           CONSTANT      00000002              2
R_W                               CONSTANT      00000002              2
S                                 CONSTANT      00000003              3
SBOREN                            CONSTANT      00000004              4
SCKP                              CONSTANT      00000004              4
SCS                               CONSTANT      00000000              0
SENB                              CONSTANT      00000003              3
SENDB                             CONSTANT      00000003              3
SMP                               CONSTANT      00000007              7
SPBRG                             CONSTANT      00000099            153
SPBRGH                            CONSTANT      0000009A            154
SPEN                              CONSTANT      00000007              7
SR0                               CONSTANT      00000006              6
SR1                               CONSTANT      00000007              7
SRCON                             CONSTANT      0000019E            414
SREN                              CONSTANT      00000005              5
SSPADD                            CONSTANT      00000093            147
SSPBUF                            CONSTANT      00000013             19
SSPCON                            CONSTANT      00000014             20
SSPEN                             CONSTANT      00000005              5
SSPIE                             CONSTANT      00000003              3
SSPIF                             CONSTANT      00000003              3
SSPM0                             CONSTANT      00000000              0
SSPM1                             CONSTANT      00000001              1
SSPM2                             CONSTANT      00000002              2
SSPM3                             CONSTANT      00000003              3
SSPMSK                            CONSTANT      00000093            147
SSPOV                             CONSTANT      00000006              6
SSPSTAT                           CONSTANT      00000094            148
START                             ADDRESS       00000011             17
STATUS                            CONSTANT      00000003              3
STRA                              CONSTANT      00000000              0
STRB                              CONSTANT      00000001              1
STRC                              CONSTANT      00000002              2
STRD                              CONSTANT      00000003              3
STRSYNC                           CONSTANT      00000004              4
SWDTEN                            CONSTANT      00000000              0
SYNC                              CONSTANT      00000004              4
T0CS                              CONSTANT      00000005              5
T0IE                              CONSTANT      00000005              5
T0IF                              CONSTANT      00000002              2
T0SE                              CONSTANT      00000004              4
T1CKPS0                           CONSTANT      00000004              4
T1CKPS1                           CONSTANT      00000005              5
T1CON                             CONSTANT      00000010             16
T1GINV                            CONSTANT      00000007              7
T1GSS                             CONSTANT      00000001              1
T1IE                              CONSTANT      00000000              0
T1IF                              CONSTANT      00000000              0
T1OSCEN                           CONSTANT      00000003              3
T2CKPS0                           CONSTANT      00000000              0
gpasm-1.5.2 #1325 (Jul 12 2024)       die.asm   09/26/2026  11:13:10 PM     PAGE 15


SYMBOL TABLE
  LABEL                              TYPE        VALUE         VALUE          VALUE
                                                 (hex)         (dec)          (text)

T2CKPS1                           CONSTANT      00000001              1
T2CON                             CONSTANT      00000012             18
T2IE                              CONSTANT      00000001              1
T2IF                              CONSTANT      00000001              1
TMR0                              CONSTANT      00000001              1
TMR1                              CONSTANT      0000000E             14
TMR1CS                            CONSTANT      00000001              1
TMR1GE                            CONSTANT      00000006              6
TMR1H                             CONSTANT      0000000F             15
TMR1IE                            CONSTANT      00000000              0
TMR1IF                            CONSTANT      00000000              0
TMR1L                             CONSTANT      0000000E             14
TMR1ON                            CONSTANT      00000000              0
TMR2                              CONSTANT      00000011             17
TMR2IE                            CONSTANT      00000001              1
TMR2IF                            CONSTANT      00000001              1
TMR2ON                            CONSTANT      00000002              2
TOUTPS0                           CONSTANT      00000003              3
TOUTPS1                           CONSTANT      00000004              4
TOUTPS2                           CONSTANT      00000005              5
TOUTPS3                           CONSTANT      00000006              6
TRISA                             CONSTANT      00000085            133
TRISA0                            CONSTANT      00000000              0
TRISA1                            CONSTANT      00000001              1
TRISA2                            CONSTANT      00000002              2
TRISA3                            CONSTANT      00000003              3
TRISA4                            CONSTANT      00000004              4
TRISA5                            CONSTANT      00000005              5
TRISB                             CONSTANT      00000086            134
TRISB4                            CONSTANT      00000004              4
TRISB5                            CONSTANT      00000005              5
TRISB6                            CONSTANT      00000006              6
TRISB7                            CONSTANT      00000007              7
TRISC                             CONSTANT      00000087            135
TRISC0                            CONSTANT      00000000              0
TRISC1                            CONSTANT      00000001              1
TRISC2                            CONSTANT      00000002              2
TRISC3                            CONSTANT      00000003              3
TRISC4                            CONSTANT      00000004              4
TRISC5                            CONSTANT      00000005              5
TRISC6                            CONSTANT      00000006              6
TRISC7                            CONSTANT      00000007              7
TRMT                              CONSTANT      00000001              1
TRYADC                            ADDRESS       00000027             39
TSTATUS                           CONSTANT      00000072            114
TUN0                              CONSTANT      00000000              0
TUN1                              CONSTANT      00000001              1
TUN2                              CONSTANT      00000002              2
TUN3                              CONSTANT      00000003              3
TUN4                              CONSTANT      00000004              4
TW                                CONSTANT      00000071            113
TX9                               CONSTANT      00000006              6
gpasm-1.5.2 #1325 (Jul 12 2024)       die.asm   09/26/2026  11:13:10 PM     PAGE 16


SYMBOL TABLE
  LABEL                              TYPE        VALUE         VALUE          VALUE
                                                 (hex)         (dec)          (text)

TX9D                              CONSTANT      00000000              0
TXEN                              CONSTANT      00000005              5
TXIE                              CONSTANT      00000004              4
TXIF                              CONSTANT      00000004              4
TXREG                             CONSTANT      00000019             25
TXSTA                             CONSTANT      00000098            152
UA                                CONSTANT      00000001              1
ULPWUE                            CONSTANT      00000005              5
VCFG                              CONSTANT      00000006              6
VP6EN                             CONSTANT      00000004              4
VR0                               CONSTANT      00000000              0
VR1                               CONSTANT      00000001              1
VR2                               CONSTANT      00000002              2
VR3                               CONSTANT      00000003              3
VRCON                             CONSTANT      00000118            280
VRR                               CONSTANT      00000005              5
W                                 CONSTANT      00000000              0
WAITADC                           ADDRESS       00000028             40
WCOL                              CONSTANT      00000007              7
WDTCON                            CONSTANT      00000097            151
WDTPS0                            CONSTANT      00000001              1
WDTPS1                            CONSTANT      00000002              2
WDTPS2                            CONSTANT      00000003              3
WDTPS3                            CONSTANT      00000004              4
WPU                               CONSTANT      00000095            149
WPU0                              CONSTANT      00000000              0
WPU1                              CONSTANT      00000001              1
WPU2                              CONSTANT      00000002              2
WPU4                              CONSTANT      00000004              4
WPU5                              CONSTANT      00000005              5
WPUA                              CONSTANT      00000095            149
WPUA0                             CONSTANT      00000000              0
WPUA1                             CONSTANT      00000001              1
WPUA2                             CONSTANT      00000002              2
WPUA4                             CONSTANT      00000004              4
WPUA5                             CONSTANT      00000005              5
WPUB                              CONSTANT      00000115            277
WPUB4                             CONSTANT      00000004              4
WPUB5                             CONSTANT      00000005              5
WPUB6                             CONSTANT      00000006              6
WPUB7                             CONSTANT      00000007              7
WR                                CONSTANT      00000001              1
WREN                              CONSTANT      00000002              2
WRERR                             CONSTANT      00000003              3
WUE                               CONSTANT      00000001              1
Z                                 CONSTANT      00000002              2
_BOD_NSLEEP                       CONSTANT      00003EFF          16127
_BOD_OFF                          CONSTANT      00003CFF          15615
_BOD_ON                           CONSTANT      00003FFF          16383
_BOD_SBODEN                       CONSTANT      00003DFF          15871
_BOREN_NSLEEP                     CONSTANT      00003EFF          16127
_BOREN_OFF                        CONSTANT      00003CFF          15615
gpasm-1.5.2 #1325 (Jul 12 2024)       die.asm   09/26/2026  11:13:10 PM     PAGE 17


SYMBOL TABLE
  LABEL                              TYPE        VALUE         VALUE          VALUE
                                                 (hex)         (dec)          (text)

_BOREN_ON                         CONSTANT      00003FFF          16383
_BOREN_SBODEN                     CONSTANT      00003DFF          15871
_BOR_NSLEEP                       CONSTANT      00003EFF          16127
_BOR_OFF                          CONSTANT      00003CFF          15615
_BOR_ON                           CONSTANT      00003FFF          16383
_BOR_SBODEN                       CONSTANT      00003DFF          15871
_CONFIG                           CONSTANT      00002007           8199
_CPD_OFF                          CONSTANT      00003FFF          16383
_CPD_ON                           CONSTANT      00003F7F          16255
_CP_OFF                           CONSTANT      00003FFF          16383
_CP_ON                            CONSTANT      00003FBF          16319
_DEVID1                           CONSTANT      00002006           8198
_EC_OSC                           CONSTANT      00003FFB          16379
_EXTRC                            CONSTANT      00003FFF          16383
_EXTRCIO                          CONSTANT      00003FFE          16382
_EXTRC_OSC_CLKOUT                 CONSTANT      00003FFF          16383
_EXTRC_OSC_NOCLKOUT               CONSTANT      00003FFE          16382
_FCMEN_OFF                        CONSTANT      000037FF          14335
_FCMEN_ON                         CONSTANT      00003FFF          16383
_FOSC_EC                          CONSTANT      00003FFB          16379
_FOSC_EXTRCCLK                    CONSTANT      00003FFF          16383
_FOSC_EXTRCIO                     CONSTANT      00003FFE          16382
_FOSC_HS                          CONSTANT      00003FFA          16378
_FOSC_INTRCCLK                    CONSTANT      00003FFD          16381
_FOSC_INTRCIO                     CONSTANT      00003FFC          16380
_FOSC_LP                          CONSTANT      00003FF8          16376
_FOSC_XT                          CONSTANT      00003FF9          16377
_HS_OSC                           CONSTANT      00003FFA          16378
_IDLOC0                           CONSTANT      00002000           8192
_IDLOC1                           CONSTANT      00002001           8193
_IDLOC2                           CONSTANT      00002002           8194
_IDLOC3                           CONSTANT      00002003           8195
_IESO_OFF                         CONSTANT      00003BFF          15359
_IESO_ON                          CONSTANT      00003FFF          16383
_INTOSC                           CONSTANT      00003FFD          16381
_INTOSCIO                         CONSTANT      00003FFC          16380
_INTRC_OSC_CLKOUT                 CONSTANT      00003FFD          16381
_INTRC_OSC_NOCLKOUT               CONSTANT      00003FFC          16380
_LP_OSC                           CONSTANT      00003FF8          16376
_MCLRE_OFF                        CONSTANT      00003FDF          16351
_MCLRE_ON                         CONSTANT      00003FFF          16383
_PWRTE_OFF                        CONSTANT      00003FFF          16383
_PWRTE_ON                         CONSTANT      00003FEF          16367
_WDTE_OFF                         CONSTANT      00003FF7          16375
_WDTE_ON                          CONSTANT      00003FFF          16383
_WDT_OFF                          CONSTANT      00003FF7          16375
_WDT_ON                           CONSTANT      00003FFF          16383
_XT_OSC                           CONSTANT      00003FF9          16377
__14_BIT                          CONSTANT      00000001              1
__16F690                          CONSTANT      00000001              1
__ACTIVE_BANK_ADDR                VARIABLE      FFFFFFFF             -1
__ACTIVE_PAGE_ADDR                VARIABLE      FFFFFFFF             -1
gpasm-1.5.2 #1325 (Jul 12 2024)       die.asm   09/26/2026  11:13:10 PM     PAGE 18


SYMBOL TABLE
  LABEL                              TYPE        VALUE         VALUE          VALUE
                                                 (hex)         (dec)          (text)

__ASSUMED_BANK_ADDR               VARIABLE      FFFFFFFF             -1
__BANK_0                          CONSTANT      00000000              0
__BANK_1                          CONSTANT      00000080            128
__BANK_2                          CONSTANT      00000100            256
__BANK_3                          CONSTANT      00000180            384
__BANK_BITS                       CONSTANT      00000180            384
__BANK_FIRST                      CONSTANT      00000000              0
__BANK_INV                        CONSTANT      FFFFFFFF             -1
__BANK_LAST                       CONSTANT      00000180            384
__BANK_MASK                       CONSTANT      0000007F            127
__BANK_SHIFT                      CONSTANT      00000007              7
__BANK_SIZE                       CONSTANT      00000080            128
__CODE_END                        CONSTANT      00000FFF           4095
__CODE_START                      CONSTANT      00000000              0
__COMMON_RAM_END                  CONSTANT      0000007F            127
__COMMON_RAM_START                CONSTANT      00000070            112
__CONFIG_END                      CONSTANT      00002007           8199
__CONFIG_START                    CONSTANT      00002007           8199
__EEPROM_END                      CONSTANT      000021FF           8703
__EEPROM_START                    CONSTANT      00002100           8448
__GPUTILS_SVN_VERSION             CONSTANT      0000052D           1325
__GPUTILS_VERSION_MAJOR           CONSTANT      00000001              1
__GPUTILS_VERSION_MICRO           CONSTANT      00000002              2
__GPUTILS_VERSION_MINOR           CONSTANT      00000005              5
__IDLOCS_END                      CONSTANT      00002003           8195
__IDLOCS_START                    CONSTANT      00002000           8192
__NUM_BANKS                       CONSTANT      00000004              4
__NUM_PAGES                       CONSTANT      00000002              2
__PAGE_0                          CONSTANT      00000000              0
__PAGE_1                          CONSTANT      00000800           2048
__PAGE_BITS                       CONSTANT      00001800           6144
__PAGE_FIRST                      CONSTANT      00000000              0
__PAGE_INV                        CONSTANT      FFFFFFFF             -1
__PAGE_LAST                       CONSTANT      00000800           2048
__PAGE_MASK                       CONSTANT      000007FF           2047
__PAGE_SHIFT                      CONSTANT      0000000B             11
__PAGE_SIZE                       CONSTANT      00000800           2048
__VECTOR_INT                      CONSTANT      00000004              4
__VECTOR_RESET                    CONSTANT      00000000              0
__WHILE_LOOP_COUNT_MAX            CONSTANT      000000FF            255


MEMORY USAGE MAP ('X' = Used,  '-' = Unused)

0000 : X---XXXXXXXXXXXX XXXXXXXXXXXXXXXX XXXXXXXXXXXXXXXX XXXXXXXXXXXXXXXX
0040 : XXXXXX---------- ---------------- ---------------- ----------------
0D00 : XXXXXXXXXXXXXXXX XXXXXXXXXXXXXXXX XXXXXXXXXXXXXXXX XXXXXXXXXXXXXXXX
0D40 : XXXXXXXXXXXXXXXX XXXXXXXXXXXXXXXX XXXXXXXXXXXXXXXX XXXXXXXXXXXXXXXX
0D80 : XXXXXXXXXXXXXXXX XXXXXXXXXXXXXXXX XXXXXXXXXXXXXXXX XXXXXXXXXXXXXXXX
0DC0 : XXXXXXXXXXXXXXXX XXXXXXXXXXXXXXXX XXXXXXXXXXXXXXXX XXXXXXXXXXXXXXXX
2000 : -------X-------- ---------------- ---------------- ----------------

gpasm-1.5.2 #1325 (Jul 12 2024)       die.asm   09/26/2026  11:13:10 PM     PAGE 19


MEMORY USAGE MAP ('X' = Used,  '-' = Unused)

All other memory blocks unused.

Program Memory Words Used:   323
Program Memory Words Free:  3773


Errors   :     0
Warnings :     0 reported,     0 suppressed
Messages :     2 reported,     0 suppressed

